[backblue.gif]
[fade.gif]
[index.html]
[vidamodoohm.es/index.html]
[vidamodoohm.es/assets/index-V2cvPLB9.css]
[vidamodoohm.es/assets/layout-segment-context-BF8x_fp5.js]
[vidamodoohm.es/assets/rolldown-runtime-S-ySWqyJ.js]
[vidamodoohm.es/assets/index-B13OwEIC.js]
[vidamodoohm.es/assets/framework-DjPHiq1u.js]
[vidamodoohm.es/assets/page-DcPYYahK.js]
[vidamodoohm.es/assets/flower-2-CtIUEn2C.js]
[vidamodoohm.es/hero-vmo-laly-aprobada-v3.png]
[vidamodoohm.es/assets/Icon-BIno660b.js]
[vidamodoohm.es/camino-refugio.jpg]
[vidamodoohm.es/favicon.svg]
[vidamodoohm.es/refugio-balcon-limpio.png]
[vidamodoohm.es/camino-hacia-ti-ebooks-aprobada.png]
[vidamodoohm.es/comunidad-balcon-limpio.png]
[vidamodoohm.es/cierre-vmo-laly-suavizada-v2.png]
[vidamodoohm.es/cdn-cgi/challenge-platform/h/g/scripts/jsd/330e41bb475c/maind41d.js]
